// Jest Snapshot v1, https://jestjs.io/docs/snapshot-testing

exports[`snapshot EmptyState renders correctly 1`] = `
<DocumentFragment>
  <div
    class="root size_full skin_default"
  >
    <div>
      EmptyState
    </div>
  </div>
</DocumentFragment>
`;
