// Jest Snapshot v1, https://goo.gl/fbAQLP

exports[`Snapshot DataTable renders correctly 1`] = `
<div
  className="root"
  data-testid="table"
>
  <table
    className="table"
  >
    <thead>
      <tr>
        <th />
        <th />
        <th />
      </tr>
    </thead>
    <tbody>
      <tr>
        <td>
          1
        </td>
        <td>
          2
        </td>
        <td>
          3
        </td>
      </tr>
    </tbody>
  </table>
</div>
`;
