// Jest Snapshot v1, https://goo.gl/fbAQLP

exports[`snapshot Textarea renders correctly 1`] = `
<textarea
  className="root standalone skin_default"
/>
`;
