// Jest Snapshot v1, https://jestjs.io/docs/snapshot-testing

exports[`snapshot Modal renders correctly 1`] = `
<DocumentFragment>
  <div
    class="root dark blur root"
  >
    <div
      class="card size_m size_var_normal"
    >
      <header
        class="header"
      >
        <p
          class="root variation_p skin_bold margin_none header_content"
        >
          Heading
        </p>
      </header>
      <div
        class="content root"
        style="--scroll-x: 0px; --scroll-y: 0px;"
      >
        <div
          class="shadow_x"
        />
      </div>
      <footer
        class="footer"
      >
        <div
          class="footer_content"
        >
          Footer
        </div>
      </footer>
    </div>
  </div>
</DocumentFragment>
`;
