// Jest Snapshot v1, https://goo.gl/fbAQLP

exports[`snapshot EmptyState renders correctly 1`] = `
<div
  className="root size_full skin_default"
>
  <div>
    EmptyState
  </div>
</div>
`;
