// Jest Snapshot v1, https://goo.gl/fbAQLP

exports[`snapshot GridColumn renders correctly 1`] = `
<div
  className="root"
  style={
    {
      "--columns": 0,
      "--index": undefined,
      "--size": undefined,
    }
  }
/>
`;

exports[`snapshot GridContainer renders correctly 1`] = `
<div
  className="root spacing_m align_default wrap"
/>
`;
