// Jest Snapshot v1, https://jestjs.io/docs/snapshot-testing

exports[`snapshot accordion renders correctly 1`] = `
<DocumentFragment>
  <ul
    class="root bordered"
  >
    <li
      class="item"
    >
      <details
        class="spacing_s"
      >
        <summary
          class="header"
        >
          <span
            class="VsR_m2r2hGIr7NfX85BU YEVFelv_bfcF2Ee4WG8g sf93RNkSSnS5VkGCtSLh"
          >
            <svg
              class="icon"
              fill="none"
              height="1em"
              stroke="currentColor"
              stroke-width="0"
              viewBox="0 0 24 24"
              width="1em"
              xmlns="http://www.w3.org/2000/svg"
            >
              <path
                d="M6.34317 7.75732L4.92896 9.17154L12 16.2426L19.0711 9.17157L17.6569 7.75735L12 13.4142L6.34317 7.75732Z"
                fill="currentColor"
              />
            </svg>
          </span>
          <div
            class="header_content"
          >
            item 1
          </div>
        </summary>
        <div
          class="content"
        >
          content 1
        </div>
      </details>
    </li>
    <li
      class="item"
    >
      <details
        class="spacing_s"
      >
        <summary
          class="header"
        >
          <span
            class="VsR_m2r2hGIr7NfX85BU YEVFelv_bfcF2Ee4WG8g sf93RNkSSnS5VkGCtSLh"
          >
            <svg
              class="icon"
              fill="none"
              height="1em"
              stroke="currentColor"
              stroke-width="0"
              viewBox="0 0 24 24"
              width="1em"
              xmlns="http://www.w3.org/2000/svg"
            >
              <path
                d="M6.34317 7.75732L4.92896 9.17154L12 16.2426L19.0711 9.17157L17.6569 7.75735L12 13.4142L6.34317 7.75732Z"
                fill="currentColor"
              />
            </svg>
          </span>
          <div
            class="header_content"
          >
            item 2
          </div>
        </summary>
        <div
          class="content"
        >
          content 2
        </div>
      </details>
    </li>
  </ul>
</DocumentFragment>
`;
