// Jest Snapshot v1, https://goo.gl/fbAQLP

exports[`Snapshot Button renders correctly 1`] = `
<button
  className="root primary size-m"
>
  Button
</button>
`;
