// Jest Snapshot v1, https://goo.gl/fbAQLP

exports[`snapshot Banner renders correctly 1`] = `
<div
  className="root"
>
  <div
    className="root size_l spacing_x_m spacing_y_l container"
  >
    Banner
  </div>
  <img
    className="image"
    src="some-image-url"
  />
  <div
    className="root dark"
  />
</div>
`;
