// Jest Snapshot v1, https://goo.gl/fbAQLP

exports[`snapshot Table renders correctly 1`] = `
<div
  className="root spacing_default"
>
  <table
    className="table"
  >
    Table
  </table>
</div>
`;
