// Jest Snapshot v1, https://goo.gl/fbAQLP

exports[`Snapshot Card renders correctly 1`] = `
<div
  className="root"
>
  <div
    className="content"
  >
    Card
  </div>
</div>
`;
