// Jest Snapshot v1, https://goo.gl/fbAQLP

exports[`Snapshot Collapse renders correctly 1`] = `
<details>
  <summary
    className="header"
  >
    Header
  </summary>
  Collapse
</details>
`;
