// Jest Snapshot v1, https://goo.gl/fbAQLP

exports[`snapshot Text renders correctly 1`] = `
<p
  className="root variation_p skin_default"
>
  Text
</p>
`;
