// Jest Snapshot v1, https://goo.gl/fbAQLP

exports[`snapshot Tabs renders correctly 1`] = `
<div
  className="root"
>
  <div
    className="track"
  >
    <button
      className="tab tab_active"
      onClick={[Function]}
      type="button"
    >
      item 1
    </button>
    <button
      className="tab"
      onClick={[Function]}
      type="button"
    >
      item 2
    </button>
  </div>
  <div
    className="content_wrapper"
  >
    <div
      className="content content_active"
    >
      content 1
    </div>
  </div>
</div>
`;
