// Jest Snapshot v1, https://goo.gl/fbAQLP

exports[`snapshot GridColumn renders correctly 1`] = `
<div
  className="root size_auto"
  style={
    {
      "--columns": 0,
      "--size": "auto",
    }
  }
/>
`;

exports[`snapshot GridContainer renders correctly 1`] = `
<div
  className="root spacing_m wrap"
/>
`;
