// Jest Snapshot v1, https://goo.gl/fbAQLP

exports[`snapshot Text renders correctly 1`] = `
<p
  className="root p margin"
>
  Text
</p>
`;
