// Jest Snapshot v1, https://jestjs.io/docs/snapshot-testing

exports[`snapshot FileUploader should match snapshot 1`] = `
<div>
  <div
    class="root"
  >
    <input
      class="file"
      type="file"
    />
  </div>
</div>
`;
