// Jest Snapshot v1, https://goo.gl/fbAQLP

exports[`snapshot Modal renders correctly 1`] = `
<div
  className="root dark blur root"
  onClick={[Function]}
>
  <div
    className="card size_m size_var_normal"
    onClick={[Function]}
  >
    <header
      className="header"
      heading="Heading"
    >
      <p
        className="root variation_h3 skin_default margin_none"
      >
        Heading
      </p>
    </header>
    <div
      className="content root"
      onScroll={[Function]}
      style={
        {
          "--scroll-x": "0px",
          "--scroll-y": "0px",
        }
      }
    >
      <div
        className="shadow_x"
      />
    </div>
    <footer
      className="footer"
    >
      Footer
    </footer>
  </div>
</div>
`;
