// Jest Snapshot v1, https://jestjs.io/docs/snapshot-testing

exports[`snapshot Chip renders correctly 1`] = `
<DocumentFragment>
  <span
    class="root skin_neutral variation_filled size_m interaction_undefined"
  >
    Chip
  </span>
</DocumentFragment>
`;
