// Jest Snapshot v1, https://goo.gl/fbAQLP

exports[`snapshot Alert renders correctly 1`] = `
<div
  className="root neutral size_m"
>
  <div
    className="content"
  >
    Alert
  </div>
</div>
`;
