// Jest Snapshot v1, https://jestjs.io/docs/snapshot-testing

exports[`snapshot Card renders correctly 1`] = `
<DocumentFragment>
  <div
    class="root bordered vertical spacing_m border_radius_m"
  >
    <div
      class="content"
    >
      Card
    </div>
  </div>
</DocumentFragment>
`;
