// Jest Snapshot v1, https://goo.gl/fbAQLP

exports[`Snapshot Overlay renders correctly 1`] = `
<div
  className="root dark"
>
  Overlay
</div>
`;
