// Jest Snapshot v1, https://goo.gl/fbAQLP

exports[`snapshot Select renders correctly 1`] = `
[
  <select
    hidden={true}
    onChange={[Function]}
  />,
  <div
    className="root skin_default"
    onFocus={[Function]}
    role="button"
    tabIndex={0}
  />,
]
`;
