// Jest Snapshot v1, https://jestjs.io/docs/snapshot-testing

exports[`snapshot Banner renders correctly 1`] = `
<DocumentFragment>
  <div
    class="root"
  >
    <div
      class="root size_l spacing_x_m spacing_y_l container"
    >
      Banner
    </div>
    <img
      class="image"
      src="some-image-url"
    />
    <div
      class="root dark blur"
    />
  </div>
</DocumentFragment>
`;
