// Jest Snapshot v1, https://goo.gl/fbAQLP

exports[`snapshot Skeleton renders correctly 1`] = `
<div
  className="root default"
  style={{}}
/>
`;
