// Jest Snapshot v1, https://goo.gl/fbAQLP

exports[`snapshot Divider renders correctly 1`] = `
<hr
  className="root horizontal spacing_m"
/>
`;
