// Jest Snapshot v1, https://goo.gl/fbAQLP

exports[`snapshot Progress renders correctly 1`] = `
<progress
  className="root"
  max={100}
  value={50}
/>
`;
