// Jest Snapshot v1, https://goo.gl/fbAQLP

exports[`snapshot Modal renders correctly 1`] = `
<div
  className="root"
>
  <div
    className="root dark clickable_overlay"
    onClick={[Function]}
  />
  <div
    className="root card bordered vertical spacing_m"
  >
    <div
      className="content"
    >
      <header
        className="header"
        heading="Heading"
      >
        <p
          className="root variation_h3 skin_default margin_none"
        >
          Heading
        </p>
        <button
          className="root ghost size-m icon-only"
          onClick={[Function]}
        >
          <svg
            className="root size_text skin_default"
            fill="currentColor"
            height="1em"
            stroke="currentColor"
            strokeWidth="0"
            style={
              {
                "color": undefined,
              }
            }
            viewBox="0 0 24 24"
            width="1em"
            xmlns="http://www.w3.org/2000/svg"
          >
            <path
              d="M3,3 L21,21 M3,21 L21,3"
              fill="none"
              strokeWidth="2"
            />
          </svg>
        </button>
      </header>
      <main
        className="content"
      />
      <footer
        className="footer"
      >
        Footer
      </footer>
    </div>
  </div>
</div>
`;
