// Jest Snapshot v1, https://goo.gl/fbAQLP

exports[`Snapshot Input renders correctly 1`] = `
<input
  className="root"
/>
`;
