// Jest Snapshot v1, https://goo.gl/fbAQLP

exports[`snapshot Container renders correctly 1`] = `
<div
  className="root horizontal"
>
  Container
</div>
`;
