// Jest Snapshot v1, https://goo.gl/fbAQLP

exports[`snapshot Badge renders correctly 1`] = `
<span
  className="root neutral"
>
  Badge
</span>
`;
