// Jest Snapshot v1, https://goo.gl/fbAQLP

exports[`snapshot Icon renders correctly 1`] = `
<span
  className="root size_text skin_default"
>
  x
</span>
`;
