// Jest Snapshot v1, https://goo.gl/fbAQLP

exports[`snapshot Chip renders correctly 1`] = `
<span
  className="root neutral"
>
  Chip
</span>
`;
