// Jest Snapshot v1, https://goo.gl/fbAQLP

exports[`Snapshot List renders correctly 1`] = `
<ul
  className="root bordered"
>
  <li
    className="item"
  >
    List
  </li>
</ul>
`;
