// Jest Snapshot v1, https://goo.gl/fbAQLP

exports[`snapshot FormField renders correctly 1`] = `
<div
  className="root skin_default variation_default"
>
  <div
    className="main_content"
  >
    <div
      className="input_wrapper"
    >
      FormField
    </div>
  </div>
</div>
`;
