// Jest Snapshot v1, https://jestjs.io/docs/snapshot-testing

exports[`snapshot DataTable renders correctly 1`] = `
<DocumentFragment>
  <div
    class="root spacing_default"
  >
    <table
      class="table"
      data-testid="table"
    >
      <tbody>
        <tr>
          <td>
            1
          </td>
          <td>
            2
          </td>
          <td>
            3
          </td>
        </tr>
      </tbody>
    </table>
  </div>
</DocumentFragment>
`;
