// Jest Snapshot v1, https://goo.gl/fbAQLP

exports[`snapshot Button renders correctly 1`] = `
<button
  className="root skin_primary skin_variation_default size-m"
  type="button"
>
  Button
</button>
`;
