// Jest Snapshot v1, https://goo.gl/fbAQLP

exports[`Snapshot Progress renders correctly 1`] = `
<div
  className="root"
>
  <div
    className="bar"
    style={
      {
        "--value": "50%",
      }
    }
  />
</div>
`;
