// Jest Snapshot v1, https://jestjs.io/docs/snapshot-testing

exports[`snapshot Alert renders correctly 1`] = `
<DocumentFragment>
  <div
    class="root neutral size_m"
  >
    <div
      class="content"
    >
      Alert
    </div>
  </div>
</DocumentFragment>
`;
